../Core/Src/main.c:73:6:UART_Init	16	static
../Core/Src/main.c:91:5:DS18B20_Start	16	static
../Core/Src/main.c:102:5:DS18B20_Write	32	static
../Core/Src/main.c:116:9:DS18B20_Read	32	static
../Core/Src/main.c:134:6:HAL_UART_RxCpltCallback	16	static
../Core/Src/main.c:146:5:main	8	static
../Core/Src/main.c:206:6:SystemClock_Config	160	static
../Core/Src/main.c:250:13:MX_USART1_UART_Init	8	static
../Core/Src/main.c:283:13:MX_DMA_Init	16	static
../Core/Src/main.c:304:13:MX_GPIO_Init	16	static
../Core/Src/main.c:324:6:Error_Handler	4	static,ignoring_inline_asm
